// Jest Snapshot v1, https://goo.gl/fbAQLP

exports[`Should FilmInfoReviews render correctly 1`] = `
<div
  className="movie-card__reviews movie-card__row"
>
  <div
    className="movie-card__reviews-col"
  >
    <div
      className="review"
    >
      <blockquote
        className="review__quote"
      >
        <p
          className="review__text"
        >
          Don't keep a dog and bark yourself. Every man has his price
        </p>
        <footer
          className="review__details"
        >
          <cite
            className="review__author"
          >
            Emma	William
          </cite>
          <time
            className="review__date"
            dateTime="2016-12-24"
          >
            13.03.2005
          </time>
        </footer>
      </blockquote>
      <div
        className="review__rating"
      >
        10
      </div>
    </div>
    <div
      className="review"
    >
      <blockquote
        className="review__quote"
      >
        <p
          className="review__text"
        >
          A volunteer is worth twenty pressed men. Suffering for a friend doubleth friendship. A woman's work is never done. Comparisons are odious. Money talks. Don't keep a dog and bark yourself. Every man has his price
        </p>
        <footer
          className="review__details"
        >
          <cite
            className="review__author"
          >
            Man with a gun
          </cite>
          <time
            className="review__date"
            dateTime="2016-12-24"
          >
            17.12.2019
          </time>
        </footer>
      </blockquote>
      <div
        className="review__rating"
      >
        4
      </div>
    </div>
  </div>
  <div
    className="movie-card__reviews-col"
  >
    <div
      className="review"
    >
      <blockquote
        className="review__quote"
      >
        <p
          className="review__text"
        >
          If you can't be good, be careful. A volunteer is worth twenty pressed men. Suffering for a friend doubleth friendship. A woman's work is never done. Comparisons are odious. Money talks. Don't keep a dog and bark yourself. Every man has his price
        </p>
        <footer
          className="review__details"
        >
          <cite
            className="review__author"
          >
            Isabella	Mason
          </cite>
          <time
            className="review__date"
            dateTime="2016-12-24"
          >
            01.06.2020
          </time>
        </footer>
      </blockquote>
      <div
        className="review__rating"
      >
        6
      </div>
    </div>
  </div>
</div>
`;
