// Jest Snapshot v1, https://goo.gl/fbAQLP

exports[`Should My List button render correctly 1`] = `
<button
  className="btn btn--list movie-card__button"
  onClick={[Function]}
  type="button"
>
  <svg
    height={14}
    width={18}
  >
    <use
      style={
        Object {
          "fill": undefined,
        }
      }
      xlinkHref="#in-list"
    />
  </svg>
  <span>
    My list
  </span>
</button>
`;
