// Jest Snapshot v1, https://goo.gl/fbAQLP

exports[`Should FilmsList render correctly 1`] = `
<div
  className="catalog__movies-list"
>
  <article
    className="small-movie-card catalog__movies-card"
    onClick={[Function]}
    onMouseEnter={[Function]}
    onMouseLeave={[Function]}
  >
    <div
      className="small-movie-card__image"
    >
      <video
        autoPlay={true}
        height="175"
        loop={true}
        muted={true}
        poster="https://pets.mail.ru/sharepic/68/10401.png"
        src=""
        width="280"
      />
    </div>
    <h3
      className="small-movie-card__title"
    >
      <a
        className="small-movie-card__link"
        href="movie-page.html"
      >
        If you can't be good, be careful
      </a>
    </h3>
  </article>
  <article
    className="small-movie-card catalog__movies-card"
    onClick={[Function]}
    onMouseEnter={[Function]}
    onMouseLeave={[Function]}
  >
    <div
      className="small-movie-card__image"
    >
      <video
        autoPlay={true}
        height="175"
        loop={true}
        muted={true}
        poster="https://twizz.ru/wp-content/uploads/-000//1/animals-about-to-drop-album-photos-58aeb0ce59ff1__700.jpg"
        src=""
        width="280"
      />
    </div>
    <h3
      className="small-movie-card__title"
    >
      <a
        className="small-movie-card__link"
        href="movie-page.html"
      >
        Suffering for a friend doubleth friendship
      </a>
    </h3>
  </article>
  <article
    className="small-movie-card catalog__movies-card"
    onClick={[Function]}
    onMouseEnter={[Function]}
    onMouseLeave={[Function]}
  >
    <div
      className="small-movie-card__image"
    >
      <video
        autoPlay={true}
        height="175"
        loop={true}
        muted={true}
        poster="https://medialeaks.ru/wp-content/uploads/2019/08/glavnaya-1.jpg"
        src=""
        width="280"
      />
    </div>
    <h3
      className="small-movie-card__title"
    >
      <a
        className="small-movie-card__link"
        href="movie-page.html"
      >
        Money talks
      </a>
    </h3>
  </article>
  <article
    className="small-movie-card catalog__movies-card"
    onClick={[Function]}
    onMouseEnter={[Function]}
    onMouseLeave={[Function]}
  >
    <div
      className="small-movie-card__image"
    >
      <video
        autoPlay={true}
        height="175"
        loop={true}
        muted={true}
        poster="https://www.thepaws.net/wp-content/uploads/2018/10/funny-chihuahua.jpg"
        src=""
        width="280"
      />
    </div>
    <h3
      className="small-movie-card__title"
    >
      <a
        className="small-movie-card__link"
        href="movie-page.html"
      >
        Every man has his price
      </a>
    </h3>
  </article>
  <article
    className="small-movie-card catalog__movies-card"
    onClick={[Function]}
    onMouseEnter={[Function]}
    onMouseLeave={[Function]}
  >
    <div
      className="small-movie-card__image"
    >
      <video
        autoPlay={true}
        height="175"
        loop={true}
        muted={true}
        poster="https://memepedia.ru/wp-content/uploads/2018/12/hamster.jpg"
        src=""
        width="280"
      />
    </div>
    <h3
      className="small-movie-card__title"
    >
      <a
        className="small-movie-card__link"
        href="movie-page.html"
      >
        Don't keep a dog and bark yourself
      </a>
    </h3>
  </article>
  <article
    className="small-movie-card catalog__movies-card"
    onClick={[Function]}
    onMouseEnter={[Function]}
    onMouseLeave={[Function]}
  >
    <div
      className="small-movie-card__image"
    >
      <video
        autoPlay={true}
        height="175"
        loop={true}
        muted={true}
        poster="https://stihi.ru/pics/2013/04/04/1852.jpg"
        src=""
        width="280"
      />
    </div>
    <h3
      className="small-movie-card__title"
    >
      <a
        className="small-movie-card__link"
        href="movie-page.html"
      >
        Every man has his price
      </a>
    </h3>
  </article>
  <article
    className="small-movie-card catalog__movies-card"
    onClick={[Function]}
    onMouseEnter={[Function]}
    onMouseLeave={[Function]}
  >
    <div
      className="small-movie-card__image"
    >
      <video
        autoPlay={true}
        height="175"
        loop={true}
        muted={true}
        poster="https://techtoday.in.ua/wp-content/uploads/2018/01/GRUMPYCAT.jpg"
        src=""
        width="280"
      />
    </div>
    <h3
      className="small-movie-card__title"
    >
      <a
        className="small-movie-card__link"
        href="movie-page.html"
      >
        If you can't be good, be careful
      </a>
    </h3>
  </article>
  <article
    className="small-movie-card catalog__movies-card"
    onClick={[Function]}
    onMouseEnter={[Function]}
    onMouseLeave={[Function]}
  >
    <div
      className="small-movie-card__image"
    >
      <video
        autoPlay={true}
        height="175"
        loop={true}
        muted={true}
        poster="https://cs7.pikabu.ru/post_img/2019/03/06/7/1551870696138123277.jpg"
        src=""
        width="280"
      />
    </div>
    <h3
      className="small-movie-card__title"
    >
      <a
        className="small-movie-card__link"
        href="movie-page.html"
      >
        Every man has his price
      </a>
    </h3>
  </article>
  <article
    className="small-movie-card catalog__movies-card"
    onClick={[Function]}
    onMouseEnter={[Function]}
    onMouseLeave={[Function]}
  >
    <div
      className="small-movie-card__image"
    >
      <video
        autoPlay={true}
        height="175"
        loop={true}
        muted={true}
        poster="https://cs7.pikabu.ru/post_img/2019/03/06/7/1551870696138123277.jpg"
        src=""
        width="280"
      />
    </div>
    <h3
      className="small-movie-card__title"
    >
      <a
        className="small-movie-card__link"
        href="movie-page.html"
      >
        Every man has his price
      </a>
    </h3>
  </article>
  <article
    className="small-movie-card catalog__movies-card"
    onClick={[Function]}
    onMouseEnter={[Function]}
    onMouseLeave={[Function]}
  >
    <div
      className="small-movie-card__image"
    >
      <video
        autoPlay={true}
        height="175"
        loop={true}
        muted={true}
        poster="https://cs7.pikabu.ru/post_img/2019/03/06/7/1551870696138123277.jpg"
        src=""
        width="280"
      />
    </div>
    <h3
      className="small-movie-card__title"
    >
      <a
        className="small-movie-card__link"
        href="movie-page.html"
      >
        Every man has his price
      </a>
    </h3>
  </article>
</div>
`;
