// Jest Snapshot v1, https://goo.gl/fbAQLP

exports[`Should FilmInfoReview render correctly 1`] = `
<div
  className="review"
>
  <blockquote
    className="review__quote"
  >
    <p
      className="review__text"
    >
      Comparisons are odious. Money talks. Don't keep a dog and bark yourself. Every man has his price
    </p>
    <footer
      className="review__details"
    >
      <cite
        className="review__author"
      >
        Olivia	Jayden
      </cite>
      <time
        className="review__date"
        dateTime="2016-12-24"
      >
        01.06.2020
      </time>
    </footer>
  </blockquote>
  <div
    className="review__rating"
  >
    9
  </div>
</div>
`;
